=== Test de refactorización de seguridad ===

Traceback (most recent call last):
  File "D:\MySource\IA\Agent-Telegram\test\test_security_refactor.py", line 18, in <module>
    print("\u2705 Módulos de seguridad importados correctamente.")
  File "C:\Python312\Lib\encodings\cp1252.py", line 19, in encode
    return codecs.charmap_encode(input,self.errors,encoding_table)[0]
           ^^^^^^^^^^^^^^^^^^^^^^^^^^^^^^^^^^^^^^^^^^^^^^^^^^^^^^^
UnicodeEncodeError: 'charmap' codec can't encode character '\u2705' in position 0: character maps to <undefined>
